stm32f3xx_ll_tim.h:3971:22:LL_TIM_ClearFlag_UPDATE	16	static
stm32f3xx_ll_tim.h:3982:26:LL_TIM_IsActiveFlag_UPDATE	16	static
stm32f3xx_ll_gpio.h:895:22:LL_GPIO_SetOutputPin	16	static
stm32f3xx_ll_gpio.h:924:22:LL_GPIO_ResetOutputPin	16	static
display.c:19:6:resetSegments	8	static
display.c:32:6:setSegments	8	static
display.c:45:6:resetDigits	8	static
display.c:56:6:setDigits	8	static
display.c:66:6:setOne	8	static
display.c:73:6:setTwo	8	static
display.c:83:6:setThree	8	static
display.c:93:6:setFour	8	static
display.c:102:6:setFive	8	static
display.c:112:6:setSix	8	static
display.c:123:6:setSeven	8	static
display.c:131:6:setEight	8	static
display.c:143:6:setNine	8	static
display.c:153:6:setZero	8	static
display.c:166:6:setA	8	static
display.c:177:6:seta	8	static
display.c:188:6:setB	8	static
display.c:198:6:setC	8	static
display.c:207:6:setc	8	static
display.c:215:6:setD	8	static
display.c:226:6:setE	8	static
display.c:237:6:setF	8	static
display.c:246:6:setG	8	static
display.c:256:6:setH	8	static
display.c:266:6:seth	8	static
display.c:275:6:setI	8	static
display.c:282:6:setJ	8	static
display.c:291:6:setL	8	static
display.c:299:6:setN	8	static
display.c:307:6:setO	8	static
display.c:318:6:seto	8	static
display.c:327:6:setP	8	static
display.c:337:6:setQ	8	static
display.c:347:6:setR	8	static
display.c:354:6:setS	8	static
display.c:364:6:setT	8	static
display.c:373:6:setU	8	static
display.c:383:6:setu	8	static
display.c:391:6:setY	8	static
display.c:401:6:setK	8	static
display.c:411:6:setM	8	static
display.c:420:6:setV	8	static
display.c:428:6:setW	8	static
display.c:439:6:setX	8	static
display.c:447:6:setZ	8	static
display.c:457:6:setUnderscore	8	static
display.c:463:6:setDecimalPoint	8	static
display.c:475:6:setDigit	16	static
display.c:499:6:updateDisplay	32	static
display.c:694:6:TIM2_IRQHandler	8	static
